<!doctype html>
<html>
  <head>
    <meta charset="utf-8">
    <link href="http://example.org/feed.xml" type="application/atom+xml" rel="alternate">
    <link href="http://example.org/css/foo.css" rel="stylesheet">
    <link href="http://example.org/css/bar.css" rel="stylesheet">
  </head>
</html>