<!doctype html>
<html>
  <head>
    <meta charset="utf-8">
    <script src="http://example.org/js/foo.js" type="text/javascript"></script>
    <script src="http://example.org/js/bar.js" type="text/javascript"></script>
    <script src="http://example.org/js/baz.js" type="text/javascript"></script>
  </head>
</html>