<!doctype html>
<html>
  <head>
    <meta charset="utf-8">
    <title>Title</title>
  </head>
  <body>
    <p>Hello World</p>
  </body>
  <form action="/" method="post">
    <input type="input" name="my_input_field">
  </form>
</html>